
> modern-ecommerce@1.0.0 build
> next build

  Ôû▓ Next.js 14.2.35
  - Environments: .env.local

   Creating an optimized production build ...
 Ô£ô Compiled successfully
   Linting and checking validity of types ...
